warning: linker stderr: ld: __eh_frame section too large (max 16MB) to encode dwarf unwind offsets in compact unwind table, performance of exception handling might be affected
  |
  = note: `#[warn(linker_messages)]` on by default

warning: `markdown` (example "markdown_as_child") generated 1 warning
warning: `markdown` (example "markdown") generated 1 warning (1 duplicate)
    Finished `test` profile [unoptimized + debuginfo] target(s) in 0.71s
warning: the following packages contain code that will be rejected by a future version of Rust: block v0.1.6
note: to see what the problems were, use the option `--future-incompat-report`, or run `cargo report future-incompatibilities --id 1`
     Running unittests src/markdown.rs (target/debug/deps/markdown-70c8da63b30becb9)

running 156 tests
test html::html_minifier::tests::test_write_collapse_whitespace ... ok
test html::html_parser::tests::parses_html_list_as_explicit_list_node ... ok
test html::html_parser::tests::parses_heading_text_align_from_align_attribute ... ok
test html::html_parser::tests::parses_html_table_th_defaults_to_center ... ok
test html::html_parser::tests::parses_html_table_spans ... ok
test html::html_parser::tests::parses_html_table_explicit_align_attribute_preserved ... ok
test html::html_parser::tests::parses_paragraph_text_align_from_align_attribute ... ok
test html::html_parser::tests::parses_html_styled_text ... ok
test html::html_parser::tests::prefers_style_text_align_over_align_attribute ... ok
test html::html_parser::tests::parses_heading_text_align_from_style ... ok
test html::html_parser::tests::parses_paragraph_text_align_from_style ... ok
test mermaid::tests::test_mermaid_font_family_resolves_zed_virtual_fonts ... ok
test mermaid::tests::test_extract_mermaid_diagrams_parses_scale ... ok
test mermaid::tests::test_extract_mermaid_diagrams_with_tilde_fence ... ok
test html::html_minifier::tests::test_omit_tags ... ok
test mermaid::tests::test_mermaid_zoom_ticks_is_one_step_per_notch ... ok
test mermaid::tests::test_parse_mermaid_info ... ok
test parser::tests::all_options_considered ... ok
test mermaid::tests::test_unsupported_diagram_types_are_skipped ... ok
test parser::tests::test_br_prefixed_tag_is_not_a_hard_break ... ok
test parser::tests::test_br_tag_emits_hard_break ... ok
test mermaid::tests::test_mermaid_no_fallback_on_add_in_middle ... ok
test mermaid::tests::test_mermaid_fallback_chains_on_rapid_edits ... ok
test mermaid::tests::test_mermaid_fallback_on_edit ... ok
test mermaid::tests::test_mermaid_fallback_with_duplicate_blocks_edit_second ... ok
test mermaid::tests::test_mermaid_zoom_snap_and_clamp ... ok
test parser::tests::test_br_tag_not_a_hard_break_without_parse_html ... ok
test parser::tests::test_code_block_metadata ... ok
test parser::tests::test_code_blocks_do_not_autolink_urls ... ok
test parser::tests::test_extract_code_block_content_range ... ok
test parser::tests::test_extract_code_content_range ... ok
test parser::tests::test_footnotes ... ok
test parser::tests::test_footnote_definitions_multiple ... ok
test parser::tests::test_gfm_alert_block_quote_kinds ... ok
test parser::tests::test_html_comments ... ok
test parser::tests::test_heading_slug_collision_with_dedup_suffix ... ok
test parser::tests::test_heading_source_index_for_slug ... ok
test parser::tests::test_heading_slugs ... ok
test parser::tests::test_incomplete_link ... ok
test parser::tests::test_inline_code_keeps_escaped_pipes_outside_tables ... ok
test parser::tests::test_inline_code_substitutes_escaped_pipes ... ok
test parser::tests::test_metadata_block_text_is_verbatim ... ok
test parser::tests::test_metadata_blocks_are_omitted_by_default ... ok
test parser::tests::test_links_split_across_fragments ... ok
test parser::tests::test_metadata_blocks_are_root_blocks ... ok
test parser::tests::test_metadata_blocks_store_fallback_for_nested_yaml ... ok
test parser::tests::test_metadata_blocks_store_table_rows ... ok
test parser::tests::test_metadata_table_rows_parse_simple_colon_pairs ... ok
test parser::tests::test_metadata_table_rows_reject_non_simple_colon_pairs ... ok
test parser::tests::test_plain_urls_and_escaped_text ... ok
test parser::tests::test_smart_punctuation ... ok
test parser::tests::test_table_checkboxes_remain_text_in_cells ... ok
test parser::tests::test_trim_metadata_range_returns_valid_empty_range ... ok
test parser::tests::test_unrecognized_inline_html_preserved_as_inline_html ... ok
test parser::tests::test_yaml_style_metadata_block ... ok
test parser::tests::wanted_and_unwanted_options_disjoint ... ok
test path_range::tests::test_linecol_parsing ... ok
test path_range::tests::test_pathrange_from_str ... ok
test path_range::tests::test_pathrange_leading_text_trimming ... ok
test path_range::tests::test_pathrange_parsing ... ok
test path_range::tests::test_pathrange_with_line_and_column ... ok
test selection::tests::test_markdown_for_selection_balances_inline_spans ... ok
test selection::tests::test_markdown_for_selection_links ... ok
test selection::tests::test_markdown_for_selection_nested_spans ... ok
test selection::tests::test_markdown_for_selection_plain_text_and_blocks ... ok
test selection::tests::test_markdown_for_selection_scopes_to_boundary_blocks ... ok
test selection::tests::test_root_block_events_slices_each_block ... ok
test selection::tests::test_root_block_index ... ok
test selection::tests::test_selection_is_only_inside_code_spans ... ok
test selection::tests::test_snap_out_of_delimiters ... ok
test selection::tests::test_snap_out_of_delimiters_cascades_through_nested_spans ... ok
test selection::tests::test_snap_to_char_boundaries ... ok
test tests::test_active_search_highlight_uses_match_index ... ok
test html::html_rendering::tests::test_html_block_rendering_can_be_enabled ... ok
test tests::test_bounds_for_source_range_returns_one_bound_per_soft_wrap_row ... ok
test tests::test_capture_for_context_menu ... ok
test mermaid::tests::test_mermaid_rerasterize_reuses_parsed_svg ... ok
test mermaid::tests::test_mermaid_zoom_to_fit_tracks_container_width ... ok
test tests::test_all_selection ... ok
test html::html_rendering::tests::test_html_block_rendering_smoke ... ok
test mermaid::tests::test_mermaid_zoom_rerasterize_is_debounced ... ok
test tests::test_bounds_for_source_range_skips_gaps_between_rendered_lines ... ok
test tests::test_break_between_images_does_not_inject_leading_space ... ok
test tests::test_break_in_tight_list_item_after_image_item_is_newline ... ok
test tests::test_clicking_image_fallback_inside_link_opens_link_url ... ok
test tests::test_escape_leading_spaces ... ok
test tests::test_escape_leading_tabs ... ok
test tests::test_escape_multiline_diagnostic ... ok
test tests::test_escape_newlines ... ok
test tests::test_escape_non_ascii ... ok
test tests::test_escape_output_len_matches_precomputed ... ok
test tests::test_escape_plain_text ... ok
test tests::test_escape_prevents_code_block ... ok
test tests::test_escape_punctuation ... ok
test tests::test_clicking_image_fallback_opens_image_url ... ok
test tests::test_code_span_link_detected_for_source_index ... ok
test tests::test_code_span_link_ignores_code_inside_markdown_link ... ok
test tests::test_clicking_loaded_image_inside_link_opens_link_url ... ok
test tests::test_code_block_controls_are_unique_across_markdown_entities ... ok
test tests::test_code_span_link_receives_decoded_inline_code ... ok
test tests::test_code_span_link_ignores_code_when_mouse_interaction_is_prevented ... ok
test tests::test_code_span_link_ignores_code_without_callback ... ok
test tests::test_context_menu_link_initial_state ... ok
test tests::test_code_block_line_height_tracks_overridden_code_font_size ... ok
test tests::test_escaped_pipes_in_inline_code_inside_tables ... ok
test tests::test_frontmatter_falls_back_to_code_block_for_nested_yaml ... ok
test tests::test_hard_break_in_text_paragraph_after_paragraph ... ok
test tests::test_hard_style_soft_break_after_image_moves_caption_to_next_row ... ok
test tests::test_heading_font_sizes_are_distinct ... ok
test tests::test_inline_br_renders_as_line_break ... ok
test tests::test_frontmatter_renders_without_delimiters ... ok
test tests::test_code_block_line_height_follows_buffer_line_height_setting ... ok
test tests::test_inline_code_chips_cover_exactly_the_code_span_glyphs ... ok
test tests::test_highlights_are_clipped_to_scrollable_code_block ... ok
test tests::test_inline_code_word_selection_excludes_backticks ... ok
test tests::test_non_rendered_source_ranges ... ok
test tests::test_non_rendered_source_ranges_are_empty_while_parsing ... ok
test tests::test_non_rendered_source_ranges_for_image_between_link_text ... ok
test tests::test_non_rendered_source_ranges_for_images ... ok
test tests::test_non_rendered_source_ranges_for_linked_images ... ok
test tests::test_non_rendered_source_ranges_for_reference_definitions ... ok
test tests::test_link_detected_for_source_index ... ok
test tests::test_link_for_source_index_ignores_plain_text ... ok
test tests::test_source_range_for_rendered_handles_split_chunks ... ok
test tests::test_preview_body_font_size_is_rem_based ... ok
test tests::test_selection_head_movement ... ok
test mermaid::tests::test_mermaid_scroll_handle_retained_across_reparse ... ok
test mermaid::tests::test_mermaid_zoom_retained_across_reparse ... ok
test tests::test_mappings ... ok
test tests::test_table_checkbox_detection ... ok
test tests::test_table_checkbox_marker_source_range ... ok
test tests::test_selection_with_markdown_formatting ... ok
test mermaid::tests::test_mermaid_rendering_replaces_code_block_text ... ok
test tests::test_table_state_current_cell_alignment_centers_headers ... ok
test tests::test_table_state_current_cell_alignment_outside_table ... ok
test tests::test_task_list_marker_for_item ... ok
test tests::test_soft_break_keeps_space_in_paragraph_with_image ... ok
test tests::test_soft_break_after_image_does_not_insert_leading_space ... ok
test mermaid::tests::test_mermaid_source_anchor_maps_inside_block ... ok
test tests::test_surrounding_word_range ... ok
test tests::test_seshat_select_all_copy ... ok
test tests::test_wrapped_code_block_has_no_scroll_handle ... ok
test tests::test_markdown_preview_follows_ui_font_size_setting_when_unset ... ok
test tests::test_fallback_language_highlights_untagged_code_blocks ... ok
test tests::test_surrounding_line_range ... ok
test tests::test_surrounding_word_range_respects_word_characters ... ok
test tests::test_table_column_selection ... ok
test tests::test_word_selection_drag ... ok
test tests::test_url_hover_callback ... ok
test tests::test_wide_table_scrolls_horizontally ... ok
test tests::test_url_hover_callback_for_linked_image ... ok
test tests::test_table_columns_are_sized_to_their_content ... ok
test tests::test_ui_zoom_does_not_affect_markdown_preview ... ok
test tests::test_table_border_hugs_its_columns ... ok
test tests::test_no_fallback_language_without_untagged_code_blocks ... ok
test tests::test_table_never_renders_past_its_available_width ... ok

test result: ok. 156 passed; 0 failed; 0 ignored; 0 measured; 0 filtered out; finished in 0.20s

     Running unittests src/lib.rs (target/debug/deps/release_channel-f2f324abc91523a0)

running 2 tests
test tests::test_seshat_never_installs_upstream_updates ... ok
test tests::test_docs_url_for_release_channel ... ok

test result: ok. 2 passed; 0 failed; 0 ignored; 0 measured; 0 filtered out; finished in 0.00s

   Doc-tests release_channel

running 0 tests

test result: ok. 0 passed; 0 failed; 0 ignored; 0 measured; 0 filtered out; finished in 0.00s

warning: zed@1.18.1: Info: using '8ab8deafd7ffa7dfe428ac2e3643c1bb31201bab' hash for ZED_COMMIT_SHA env var
warning: linker stderr: ld: __eh_frame section too large (max 16MB) to encode dwarf unwind offsets in compact unwind table, performance of exception handling might be affected
  |
  = note: `#[warn(linker_messages)]` on by default

warning: `zed` (bin "seshat") generated 1 warning
    Finished `release-fast` profile [optimized + debuginfo] target(s) in 0.93s
warning: the following packages contain code that will be rejected by a future version of Rust: block v0.1.6
note: to see what the problems were, use the option `--future-incompat-report`, or run `cargo report future-incompatibilities --id 2`
