   Compiling settings v0.1.0 (/Users/liuxianzhao/project/seshat/crates/settings)
   Compiling cli v0.1.0 (/Users/liuxianzhao/project/seshat/crates/cli)
   Compiling zed v1.18.1 (/Users/liuxianzhao/project/seshat/crates/zed)
warning: zed@1.18.1: Info: using '0bf7466cd7d3137badb3a62ba2f1bb316946a5d1' hash for ZED_COMMIT_SHA env var
   Compiling language v0.1.0 (/Users/liuxianzhao/project/seshat/crates/language)
   Compiling feature_flags v0.1.0 (/Users/liuxianzhao/project/seshat/crates/feature_flags)
   Compiling theme_settings v0.1.0 (/Users/liuxianzhao/project/seshat/crates/theme_settings)
   Compiling git_hosting_providers v0.1.0 (/Users/liuxianzhao/project/seshat/crates/git_hosting_providers)
   Compiling remote v0.1.0 (/Users/liuxianzhao/project/seshat/crates/remote)
   Compiling vim_mode_setting v0.1.0 (/Users/liuxianzhao/project/seshat/crates/vim_mode_setting)
   Compiling zlog_settings v0.1.0 (/Users/liuxianzhao/project/seshat/crates/zlog_settings)
   Compiling terminal v0.1.0 (/Users/liuxianzhao/project/seshat/crates/terminal)
   Compiling worktree v0.1.0 (/Users/liuxianzhao/project/seshat/crates/worktree)
   Compiling buffer_diff v0.1.0 (/Users/liuxianzhao/project/seshat/crates/buffer_diff)
   Compiling markdown v0.1.0 (/Users/liuxianzhao/project/seshat/crates/markdown)
   Compiling prettier v0.1.0 (/Users/liuxianzhao/project/seshat/crates/prettier)
   Compiling languages v0.1.0 (/Users/liuxianzhao/project/seshat/crates/languages)
   Compiling multi_buffer v0.1.0 (/Users/liuxianzhao/project/seshat/crates/multi_buffer)
   Compiling client v0.1.0 (/Users/liuxianzhao/project/seshat/crates/client)
   Compiling dap v0.1.0 (/Users/liuxianzhao/project/seshat/crates/dap)
   Compiling extension v0.1.0 (/Users/liuxianzhao/project/seshat/crates/extension)
   Compiling edit_prediction_types v0.1.0 (/Users/liuxianzhao/project/seshat/crates/edit_prediction_types)
   Compiling channel v0.1.0 (/Users/liuxianzhao/project/seshat/crates/channel)
   Compiling snippet_provider v0.1.0 (/Users/liuxianzhao/project/seshat/crates/snippet_provider)
   Compiling project v0.1.0 (/Users/liuxianzhao/project/seshat/crates/project)
   Compiling workspace v0.1.0 (/Users/liuxianzhao/project/seshat/crates/workspace)
   Compiling json_schema_store v0.1.0 (/Users/liuxianzhao/project/seshat/crates/json_schema_store)
   Compiling picker v0.1.0 (/Users/liuxianzhao/project/seshat/crates/picker)
   Compiling breadcrumbs v0.1.0 (/Users/liuxianzhao/project/seshat/crates/breadcrumbs)
   Compiling command_palette_hooks v0.1.0 (/Users/liuxianzhao/project/seshat/crates/command_palette_hooks)
   Compiling notifications v0.1.0 (/Users/liuxianzhao/project/seshat/crates/notifications)
   Compiling panel v0.1.0 (/Users/liuxianzhao/project/seshat/crates/panel)
   Compiling ui_prompt v0.1.0 (/Users/liuxianzhao/project/seshat/crates/ui_prompt)
   Compiling svg_preview v0.1.0 (/Users/liuxianzhao/project/seshat/crates/svg_preview)
   Compiling install_cli v0.1.0 (/Users/liuxianzhao/project/seshat/crates/install_cli)
   Compiling platform_title_bar v0.1.0 (/Users/liuxianzhao/project/seshat/crates/platform_title_bar)
   Compiling editor v0.1.0 (/Users/liuxianzhao/project/seshat/crates/editor)
   Compiling open_path_prompt v0.1.0 (/Users/liuxianzhao/project/seshat/crates/open_path_prompt)
   Compiling command_palette v0.1.0 (/Users/liuxianzhao/project/seshat/crates/command_palette)
   Compiling which_key v0.1.0 (/Users/liuxianzhao/project/seshat/crates/which_key)
   Compiling theme_selector v0.1.0 (/Users/liuxianzhao/project/seshat/crates/theme_selector)
   Compiling settings_profile_selector v0.1.0 (/Users/liuxianzhao/project/seshat/crates/settings_profile_selector)
   Compiling picker_preview v0.1.0 (/Users/liuxianzhao/project/seshat/crates/picker_preview)
   Compiling search v0.1.0 (/Users/liuxianzhao/project/seshat/crates/search)
   Compiling git_ui_core v0.1.0 (/Users/liuxianzhao/project/seshat/crates/git_ui_core)
   Compiling outline v0.1.0 (/Users/liuxianzhao/project/seshat/crates/outline)
   Compiling markdown_preview v0.1.0 (/Users/liuxianzhao/project/seshat/crates/markdown_preview)
   Compiling git_ui v0.1.0 (/Users/liuxianzhao/project/seshat/crates/git_ui)
   Compiling project_panel v0.1.0 (/Users/liuxianzhao/project/seshat/crates/project_panel)
   Compiling outline_panel v0.1.0 (/Users/liuxianzhao/project/seshat/crates/outline_panel)
   Compiling keymap_editor v0.1.0 (/Users/liuxianzhao/project/seshat/crates/keymap_editor)
   Compiling vim v0.1.0 (/Users/liuxianzhao/project/seshat/crates/vim)
   Compiling lsp_locations v0.1.0 (/Users/liuxianzhao/project/seshat/crates/lsp_locations)
   Compiling file_finder v0.1.0 (/Users/liuxianzhao/project/seshat/crates/file_finder)
   Compiling tab_switcher v0.1.0 (/Users/liuxianzhao/project/seshat/crates/tab_switcher)
   Compiling image_viewer v0.1.0 (/Users/liuxianzhao/project/seshat/crates/image_viewer)
   Compiling tabular_data_preview v0.1.0 (/Users/liuxianzhao/project/seshat/crates/tabular_data_preview)
   Compiling go_to_line v0.1.0 (/Users/liuxianzhao/project/seshat/crates/go_to_line)
   Compiling language_selector v0.1.0 (/Users/liuxianzhao/project/seshat/crates/language_selector)
   Compiling recent_projects v0.1.0 (/Users/liuxianzhao/project/seshat/crates/recent_projects)
   Compiling line_ending_selector v0.1.0 (/Users/liuxianzhao/project/seshat/crates/line_ending_selector)
   Compiling encoding_selector v0.1.0 (/Users/liuxianzhao/project/seshat/crates/encoding_selector)
warning: linker stderr: ld: __eh_frame section too large (max 16MB) to encode dwarf unwind offsets in compact unwind table, performance of exception handling might be affected
  |
  = note: `#[warn(linker_messages)]` on by default

warning: `zed` (bin "seshat") generated 1 warning
    Finished `release-fast` profile [optimized + debuginfo] target(s) in 3m 23s
warning: the following packages contain code that will be rejected by a future version of Rust: block v0.1.6
note: to see what the problems were, use the option `--future-incompat-report`, or run `cargo report future-incompatibilities --id 2`
/Users/liuxianzhao/project/seshat/target/seshat-bundle/.seshat-_th7e8xp/Seshat.app: replacing existing signature
/Users/liuxianzhao/project/seshat/target/seshat-bundle/Seshat.app
